###############################################################################
#
# IAR ELF Linker V7.40.3.8902/W32 for ARM                 17/Sep/2015  13:57:08
# Copyright 2007-2015 IAR Systems AB.
#
#    Output file  =  E:\Slaver\Project\Debug\Exe\Slaver.out
#    Map file     =  E:\Slaver\Project\Debug\List\Slaver.map
#    Command line =  
#        E:\Slaver\Project\Debug\Obj\main.o
#        E:\Slaver\Project\Debug\Obj\startup.o
#        E:\Slaver\Project\Debug\Obj\startup_MKL16Z4.o
#        E:\Slaver\Project\Debug\Obj\system_MKL16Z4.o -o
#        E:\Slaver\Project\Debug\Exe\Slaver.out --map
#        E:\Slaver\Project\Debug\List\Slaver.map --config
#        E:\Slaver\MKL16Z4\linker\iar\MKL16Z64xxx4_flash.icf --semihosting
#        --entry __iar_program_start --no_vfe
#
###############################################################################

*******************************************************************************
*** RUNTIME MODEL ATTRIBUTES
***

CppFlavor       = *
__SystemLibrary = DLib


*******************************************************************************
*** PLACEMENT SUMMARY
***

"A1":  place at 0x00000000 { ro section .intvec };
"P1":  place in [from 0x00000400 to 0x0000040f] { section FlashConfig };
"P2":  place in [from 0x00000000 to 0x000000ff] |
                [from 0x00000410 to 0x0000ffff] { ro };
"P6":  place in [from 0x20001700 to 0x200017ff] { block CSTACK };

  Section      Kind        Address   Size  Object
  -------      ----        -------   ----  ------
"A1":                                0xc0
  .intvec      ro code  0x00000000   0xc0  startup_MKL16Z4.o [1]
                      - 0x000000c0   0xc0

"P1":                                0x10
  FlashConfig  ro code  0x00000400   0x10  startup_MKL16Z4.o [1]
                      - 0x00000410   0x10

"P2":                                0xf2
  .text        ro code  0x00000410   0x48  startup.o [1]
  .text        ro code  0x00000458   0x28  system_MKL16Z4.o [1]
  .text        ro code  0x00000480   0x1c  startup_MKL16Z4.o [1]
  .text        ro code  0x0000049c   0x1a  cmain.o [4]
  .text        ro code  0x000004b6    0x4  low_level_init.o [3]
  .text        ro code  0x000004ba    0x4  main.o [1]
  .text        ro code  0x000004be    0x8  exit.o [3]
  .text        ro code  0x000004c6    0x2  startup_MKL16Z4.o [1]
  .text        ro code  0x000004c8    0xa  cexit.o [4]
  .text        ro code  0x000004d2    0x2  startup_MKL16Z4.o [1]
  .text        ro code  0x000004d4   0x14  exit.o [5]
  .text        ro code  0x000004e8    0xc  cstartup_M.o [4]
  .text        ro code  0x000004f4    0x8  startup_MKL16Z4.o [1]
  .text        ro code  0x000004fc    0x2  startup_MKL16Z4.o [1]
  .text        ro code  0x000004fe    0x2  startup_MKL16Z4.o [1]
  .text        ro code  0x00000500    0x2  startup_MKL16Z4.o [1]
                      - 0x00000502   0xf2

"P6":                               0x100
  CSTACK                0x20001700  0x100  <Block>
    CSTACK     uninit   0x20001700  0x100  <Block tail>
                      - 0x20001800  0x100



*******************************************************************************
*** MODULE SUMMARY
***

    Module             ro code  rw data
    ------             -------  -------
E:\Slaver\Project\Debug\Obj: [1]
    main.o                   4
    startup.o               72
    startup_MKL16Z4.o      254
    system_MKL16Z4.o        40
    -----------------------------------
    Total:                 370

command line: [2]
    -----------------------------------
    Total:

dl6M_tln.a: [3]
    exit.o                   8
    low_level_init.o         4
    -----------------------------------
    Total:                  12

rt6M_tl.a: [4]
    cexit.o                 10
    cmain.o                 26
    cstartup_M.o            12
    -----------------------------------
    Total:                  48

shb_l.a: [5]
    exit.o                  20
    -----------------------------------
    Total:                  20

    Linker created                  256
---------------------------------------
    Grand Total:           450      256


*******************************************************************************
*** ENTRY LIST
***

Entry                    Address  Size  Type      Object
-----                    -------  ----  ----      ------
?main                 0x0000049d        Code  Gb  cmain.o [4]
CSTACK$$Base          0x20001700         --   Gb  - Linker created -
CSTACK$$Limit         0x20001800         --   Gb  - Linker created -
Region$$Table$$Base   0x00000000         --   Gb  - Linker created -
Region$$Table$$Limit  0x00000000         --   Gb  - Linker created -
SystemInit            0x00000459  0x1e  Code  Gb  system_MKL16Z4.o [1]
__RAM_VECTOR_TABLE_SIZE {Abs}
                      0x00000000         --   Gb  command line/config [2]
__VECTOR_RAM {Abs}    0x00000000         --   Gb  command line/config [2]
__VECTOR_TABLE {Abs}  0x00000000         --   Gb  command line/config [2]
__Vectors             0x00000000         --   Gb  startup_MKL16Z4.o [1]
__Vectors_End         0x000000c0        Data  Gb  startup_MKL16Z4.o [1]
__Vectors_Size {Abs}  0x000000c0         --   Gb  startup_MKL16Z4.o [1]
__cmain               0x0000049d        Code  Gb  cmain.o [4]
__exit                0x000004d5  0x14  Code  Gb  exit.o [5]
__iar_program_start   0x000004e9        Code  Gb  cstartup_M.o [4]
__low_level_init      0x000004b7   0x4  Code  Gb  low_level_init.o [3]
__vector_table        0x00000000        Data  Gb  startup_MKL16Z4.o [1]
__vector_table_0x1c   0x0000001c        Data  Gb  startup_MKL16Z4.o [1]
_call_main            0x000004a9        Code  Gb  cmain.o [4]
_exit                 0x000004c9        Code  Gb  cexit.o [4]
_main                 0x000004b3        Code  Gb  cmain.o [4]
exit                  0x000004bf   0x8  Code  Gb  exit.o [3]
init_data_bss         0x00000411  0x48  Code  Gb  startup.o [1]
main                  0x000004bb   0x4  Code  Gb  main.o [1]


[1] = E:\Slaver\Project\Debug\Obj
[2] = command line
[3] = dl6M_tln.a
[4] = rt6M_tl.a
[5] = shb_l.a

  450 bytes of readonly  code memory
  256 bytes of readwrite data memory

Errors: none
Warnings: none
