###############################################################################
#
# IAR ELF Linker V7.40.3.8902/W32 for ARM                 22/Sep/2015  09:07:11
# Copyright 2007-2015 IAR Systems AB.
#
#    Output file  =  E:\Project\Slaver\Project\Debug\Exe\Slaver.out
#    Map file     =  E:\Project\Slaver\Project\Debug\List\Slaver.map
#    Command line =  
#        E:\Project\Slaver\Project\Debug\Obj\Interrupt_UWB.o
#        E:\Project\Slaver\Project\Debug\Obj\main.o
#        E:\Project\Slaver\Project\Debug\Obj\MKL_gpio.o
#        E:\Project\Slaver\Project\Debug\Obj\MKL_lptmr.o
#        E:\Project\Slaver\Project\Debug\Obj\MKL_mcg.o
#        E:\Project\Slaver\Project\Debug\Obj\MKL_smc.o
#        E:\Project\Slaver\Project\Debug\Obj\MKL_spi.o
#        E:\Project\Slaver\Project\Debug\Obj\MKL_uart.o
#        E:\Project\Slaver\Project\Debug\Obj\retarget_iar.o
#        E:\Project\Slaver\Project\Debug\Obj\startup.o
#        E:\Project\Slaver\Project\Debug\Obj\startup_MKL16Z4.o
#        E:\Project\Slaver\Project\Debug\Obj\system_MKL16Z4.o -o
#        E:\Project\Slaver\Project\Debug\Exe\Slaver.out --map
#        E:\Project\Slaver\Project\Debug\List\Slaver.map --config
#        E:\Project\Slaver\MKL16Z4\linker\iar\MKL16Z64xxx4_flash.icf
#        --semihosting --entry __iar_program_start --no_vfe
#
###############################################################################

*******************************************************************************
*** RUNTIME MODEL ATTRIBUTES
***

CppFlavor       = *
__SystemLibrary = DLib


*******************************************************************************
*** PLACEMENT SUMMARY
***

"A1":  place at 0x00000000 { ro section .intvec };
"P1":  place in [from 0x00000400 to 0x0000040f] { section FlashConfig };
"P2":  place in [from 0x00000000 to 0x000000ff] |
                [from 0x00000410 to 0x0000ffff] { ro };
"P6":  place in [from 0x20001700 to 0x200017ff] { block CSTACK };

  Section      Kind        Address   Size  Object
  -------      ----        -------   ----  ------
"A1":                                0xc0
  .intvec      ro code  0x00000000   0xc0  startup_MKL16Z4.o [1]
                      - 0x000000c0   0xc0

"P1":                                0x10
  FlashConfig  ro code  0x00000400   0x10  startup_MKL16Z4.o [1]
                      - 0x00000410   0x10

"P2":                               0x44c
  .text        ro code  0x00000410  0x170  system_MKL16Z4.o [1]
  .text        ro code  0x00000580  0x108  MKL_lptmr.o [1]
  .text        ro code  0x00000688   0x80  MKL_smc.o [1]
  .text        ro code  0x00000708   0x60  main.o [1]
  .text        ro code  0x00000768   0x48  startup.o [1]
  .text        ro code  0x000007b0   0x2c  MKL_uart.o [1]
  .text        ro code  0x000007dc   0x1c  startup_MKL16Z4.o [1]
  .text        ro code  0x000007f8   0x1a  cmain.o [5]
  .text        ro code  0x00000812    0x4  low_level_init.o [3]
  .text        ro code  0x00000816    0x8  exit.o [3]
  .text        ro code  0x0000081e    0x2  Interrupt_UWB.o [1]
  .text        ro code  0x00000820    0xa  cexit.o [5]
  .text        ro code  0x0000082a    0x2  startup_MKL16Z4.o [1]
  .text        ro code  0x0000082c   0x14  exit.o [6]
  .text        ro code  0x00000840    0xc  cstartup_M.o [5]
  .text        ro code  0x0000084c    0x8  startup_MKL16Z4.o [1]
  .text        ro code  0x00000854    0x2  startup_MKL16Z4.o [1]
  .text        ro code  0x00000856    0x2  startup_MKL16Z4.o [1]
  .text        ro code  0x00000858    0x2  startup_MKL16Z4.o [1]
  .text        ro code  0x0000085a    0x2  startup_MKL16Z4.o [1]
                      - 0x0000085c  0x44c

"P6":                               0x100
  CSTACK                0x20001700  0x100  <Block>
    CSTACK     uninit   0x20001700  0x100  <Block tail>
                      - 0x20001800  0x100



*******************************************************************************
*** MODULE SUMMARY
***

    Module             ro code  rw data
    ------             -------  -------
E:\Project\Slaver\Project\Debug\Obj: [1]
    Interrupt_UWB.o          2
    MKL_lptmr.o            264
    MKL_smc.o              128
    MKL_uart.o              44
    main.o                  96
    startup.o               72
    startup_MKL16Z4.o      254
    system_MKL16Z4.o       368
    -----------------------------------
    Total:               1 228

command line: [2]
    -----------------------------------
    Total:

dl6M_tln.a: [3]
    exit.o                   8
    low_level_init.o         4
    -----------------------------------
    Total:                  12

m6M_tl.a: [4]
    -----------------------------------
    Total:

rt6M_tl.a: [5]
    cexit.o                 10
    cmain.o                 26
    cstartup_M.o            12
    -----------------------------------
    Total:                  48

shb_l.a: [6]
    exit.o                  20
    -----------------------------------
    Total:                  20

    Linker created                  256
---------------------------------------
    Grand Total:         1 308      256


*******************************************************************************
*** ENTRY LIST
***

Entry                    Address   Size  Type      Object
-----                    -------   ----  ----      ------
?main                 0x000007f9         Code  Gb  cmain.o [5]
CSTACK$$Base          0x20001700          --   Gb  - Linker created -
CSTACK$$Limit         0x20001800          --   Gb  - Linker created -
LPTMR0_IRQHandler     0x0000065f    0xe  Code  Gb  MKL_lptmr.o [1]
Lptmr_Init            0x00000615   0x4a  Code  Gb  MKL_lptmr.o [1]
NVIC_EnableIRQ        0x00000581    0xe  Code  Lc  MKL_lptmr.o [1]
NVIC_SetPriority      0x0000058f   0x86  Code  Lc  MKL_lptmr.o [1]
PORTA_IRQHandler      0x0000081f    0x2  Code  Gb  Interrupt_UWB.o [1]
Region$$Table$$Base   0x00000000          --   Gb  - Linker created -
Region$$Table$$Limit  0x00000000          --   Gb  - Linker created -
SystemInit            0x00000411  0x112  Code  Gb  system_MKL16Z4.o [1]
UART0_IRQHandler      0x000007b1    0xc  Code  Gb  MKL_uart.o [1]
UART2_IRQHandler      0x000007bf   0x14  Code  Gb  MKL_uart.o [1]
__RAM_VECTOR_TABLE_SIZE {Abs}
                      0x00000000          --   Gb  command line/config [2]
__VECTOR_RAM {Abs}    0x00000000          --   Gb  command line/config [2]
__VECTOR_TABLE {Abs}  0x00000000          --   Gb  command line/config [2]
__Vectors             0x00000000          --   Gb  startup_MKL16Z4.o [1]
__Vectors_End         0x000000c0         Data  Gb  startup_MKL16Z4.o [1]
__Vectors_Size {Abs}  0x000000c0          --   Gb  startup_MKL16Z4.o [1]
__cmain               0x000007f9         Code  Gb  cmain.o [5]
__exit                0x0000082d   0x14  Code  Gb  exit.o [6]
__iar_program_start   0x00000841         Code  Gb  cstartup_M.o [5]
__low_level_init      0x00000813    0x4  Code  Gb  low_level_init.o [3]
__vector_table        0x00000000         Data  Gb  startup_MKL16Z4.o [1]
__vector_table_0x1c   0x0000001c         Data  Gb  startup_MKL16Z4.o [1]
_call_main            0x00000805         Code  Gb  cmain.o [5]
_exit                 0x00000821         Code  Gb  cexit.o [5]
_main                 0x0000080f         Code  Gb  cmain.o [5]
enter_vlpr            0x0000068d   0x68  Code  Gb  MKL_smc.o [1]
exit                  0x00000817    0x8  Code  Gb  exit.o [3]
init_data_bss         0x00000769   0x48  Code  Gb  startup.o [1]
main                  0x00000709   0x60  Code  Gb  main.o [1]
sleep                 0x00000689    0x4  Code  Gb  MKL_smc.o [1]


[1] = E:\Project\Slaver\Project\Debug\Obj
[2] = command line
[3] = dl6M_tln.a
[4] = m6M_tl.a
[5] = rt6M_tl.a
[6] = shb_l.a

  1 308 bytes of readonly  code memory
    256 bytes of readwrite data memory

Errors: none
Warnings: none
